// Jest Snapshot v1, https://goo.gl/fbAQLP

exports[`test in component <AddCAtegory /> should show component successfully 1`] = `
<form
  onSubmit={[Function]}
>
  <p />
  <input
    onChange={[Function]}
    type="text"
    value=""
  />
</form>
`;
