// Jest Snapshot v1, https://goo.gl/fbAQLP

exports[`test in component <GifGrid /> should show component successfully 1`] = `
<Fragment>
  <h3
    className="animate__animated animate__fadeIn"
  >
     
    hulk
     
  </h3>
  <p
    className="animate__animated animate__flash"
  >
    Loading
  </p>
  <div
    className="card-grid"
  />
</Fragment>
`;
